#-----------------------------------------------------------
# Vivado v2020.2 (64-bit)
# SW Build 3064766 on Wed Nov 18 09:12:45 MST 2020
# IP Build 3064653 on Wed Nov 18 14:17:31 MST 2020
# Start of session at: Tue Oct 10 14:12:43 2023
# Process ID: 17072
# Current directory: C:/Logic_Design_Lab/Lab_2/Advance/Lab2_111060013_Ripple_Carry_Adder
# Command line: vivado.exe -gui_launcher_event rodinguilauncherevent17644 C:\Logic_Design_Lab\Lab_2\Advance\Lab2_111060013_Ripple_Carry_Adder\Lab2_111060013_Ripple_Carry_Adder.xpr
# Log file: C:/Logic_Design_Lab/Lab_2/Advance/Lab2_111060013_Ripple_Carry_Adder/vivado.log
# Journal file: C:/Logic_Design_Lab/Lab_2/Advance/Lab2_111060013_Ripple_Carry_Adder\vivado.jou
#-----------------------------------------------------------
start_gui
open_project C:/Logic_Design_Lab/Lab_2/Advance/Lab2_111060013_Ripple_Carry_Adder/Lab2_111060013_Ripple_Carry_Adder.xpr
update_compile_order -fileset sources_1
set_property -name {xsim.simulate.runtime} -value {100000000} -objects [get_filesets sim_1]
launch_simulation
launch_simulation
source Lab2_111060013_Ripple_Carry_Adder_t.tcl
close_sim
